#registrant_contacts
  %s CLASS(array)
  %s SIZE(1)
  %s[0] CLASS(contact)
  %s[0].type         == Whois::Record::Contact::TYPE_REGISTRANT
  %s[0].name         == "Appleford=2C Geoff"
  %s[0].email        == "geoff@4sightsport.com"
  %s[0].phone        == "+27.339400274"
  %s[0].fax          == ""
  %s[0].address      == "330 Gowrie Farm=2C Nottingham Road=2C South"
