#nameservers
  should: %s be_a(Array)
  should: %s have(2).items
  should: %s[0] be_a(_nameserver)
  should: %s[0].name == "dns1.servicemagic.eu"
  should: %s[0].ipv4 == "91.121.133.61"
  should: %s[1] be_a(_nameserver)
  should: %s[1].name == "dns2.servicemagic.eu"
  should: %s[1].ipv4 == "91.121.103.77"
