#nameservers
  should: %s be_a(Array)
  should: %s have(2).items
  should: %s[0] be_a(_nameserver)
  should: %s[0].name == "ns1.phpsunucu.com"
  should: %s[1] be_a(_nameserver)
  should: %s[1].name == "ns2.phpsunucu.com"
