#registrant_contacts
  should: %s be_a(Array)
  should: %s == []

#admin_contacts
  should: %s be_a(Array)
  should: %s == []

#technical_contacts
  should: %s be_a(Array)
  should: %s == []
