#status
  should: %s == :free

#available?
  should: %s == true

#registered?
  should: %s == false
