#nameservers
  should: %s be_a(Array)
  should: %s have(2).items
  should: %s[0] be_a(_nameserver)
  should: %s[0].name == "avalon.ula.ve"
  should: %s[1] be_a(_nameserver)
  should: %s[1].name == "azmodan.ula.ve"
