#status
  %s == :registered

#available?
  %s == false

#registered?
  %s == true


#created_on
  %s %CLASS{time}
  %s %TIME{2006-11-15}

#updated_on
  %s %CLASS{time}
  %s %TIME{2007-04-09}

#expires_on
  %s %ERROR{AttributeNotSupported}
