#status
  %s == :registered

#available?
  %s == false

#registered?
  %s == true


#created_on
  %s raise_error(Whois::AttributeNotSupported)

#updated_on
  %s raise_error(Whois::AttributeNotSupported)

#expires_on
  %s %CLASS{time}
  %s == Time.parse("2011-04-28")


#nameservers
  %s %CLASS{array}
  %s %SIZE{2}
  %s[0] %CLASS{nameserver}
  %s[0].name == "ns1.google.com"
  %s[1] %CLASS{nameserver}
  %s[1].name == "ns2.google.com"
