#created_on
  %s %CLASS{time}
  %s == Time.parse("2010-08-05")

#updated_on
  %s == nil

#expires_on
  %s %CLASS{time}
  %s == Time.parse("2011-08-05")
