#status
  %s == :inactive

#available?
  %s == false

#registered?
  %s == true


#created_on
  %s CLASS(time)
  %s == Time.parse("2009-02-09 00:00:00 UTC")

#updated_on
  %s raise_error(Whois::AttributeNotSupported)

#expires_on
  %s CLASS(time)
  %s == Time.parse("2014-03-01 00:00:00 UTC")


#nameservers
  %s CLASS(array)
  %s SIZE(0)
